measured_utc=2026-08-04T21:46:29Z
base_commit=cbdae7d42d4c7374ebee45761d8cb70c738bb7de
worktree_invocation=git -C /home/dev/.worktrees/cubrim/CUBR-0087-main-final worktree add --detach /tmp/cubr-0087-clean-replay.BWhPih/base cbdae7d42d4c7374ebee45761d8cb70c738bb7de
worktree_exit_status=0
patch_path=/home/dev/.worktrees/cubrim/CUBR-0087-main-final/documentation/ephemeral/research/CUBR-DECODESPREAD-GEO-20260804/instrument.patch
patch_sha256=9d1a9b42004d1c33ae1f46162e3103941430eb00f3d7bcaf6d53667acadaac22
archive_path=/home/dev/.worktrees/cubrim/CUBR-0087-main-final/documentation/ephemeral/research/CUBR-DECODESPREAD-GEO-20260804/raw/mr.cbr
archive_sha256=6493607227016fc420d17f04778365f4386781dc97c2c0365e1c761a5fc9ff7b
source_command=head -c 2097152 /home/dev/cubr-cubecore-research/corpus-silesia/mr > /tmp/cubr-0087-clean-replay.BWhPih/mr.2m
source_slice_sha256=1e254e8d58a0aecd86ce44f29cf00d5531c8b29c1b24efc049371e0f11f59a64
base_build_cwd=/tmp/cubr-0087-clean-replay.BWhPih/base/code/cubrim-rs
base_build_command=cargo build --release --features decode-profile --bin cubrim-decode-profile
base_build_exit_status=0
base_binary_sha256=7b1d1f786885c3f2866d84c7e3895d5d85aff966578be9bbbf08c0fd0fd46d04
base_invocation=/tmp/cubr-0087-clean-replay.BWhPih/base/code/cubrim-rs/target/release/cubrim-decode-profile --input /home/dev/.worktrees/cubrim/CUBR-0087-main-final/documentation/ephemeral/research/CUBR-DECODESPREAD-GEO-20260804/raw/mr.cbr --original /tmp/cubr-0087-clean-replay.BWhPih/mr.2m --output /tmp/cubr-0087-clean-replay.BWhPih/base-final.json --affinity fixed-core
base_exit_status=2
base_stderr=cubrim-decode-profile: unsupported mode 17; first-slice profiler supports only cube, raw, and cm2
apply_check_invocation=git -C /tmp/cubr-0087-clean-replay.BWhPih/base apply --check --unidiff-zero /home/dev/.worktrees/cubrim/CUBR-0087-main-final/documentation/ephemeral/research/CUBR-DECODESPREAD-GEO-20260804/instrument.patch
apply_check_exit_status=0
apply_invocation=git -C /tmp/cubr-0087-clean-replay.BWhPih/base apply --unidiff-zero /home/dev/.worktrees/cubrim/CUBR-0087-main-final/documentation/ephemeral/research/CUBR-DECODESPREAD-GEO-20260804/instrument.patch
apply_exit_status=0
patched_profiler_source_sha256=ed342ddccd03d087160c0323ac2495570c1caf9d1bf0bc9a0029dc28049710eb
patched_geocm_source_sha256=4259e4fb8cbbf5daf4b74840eba6609621c5dd611b60975cdfbbc71866b62ba7
patched_build_cwd=/tmp/cubr-0087-clean-replay.BWhPih/base/code/cubrim-rs
patched_build_command=cargo build --release --features decode-profile --bin cubrim-decode-profile
patched_build_exit_status=0
patched_binary_sha256=ec1c9c3705c50315acff08f71a95fb9bf9632e521ed9c2aeb4cf7a930501387b
patched_invocation=/tmp/cubr-0087-clean-replay.BWhPih/base/code/cubrim-rs/target/release/cubrim-decode-profile --input /home/dev/.worktrees/cubrim/CUBR-0087-main-final/documentation/ephemeral/research/CUBR-DECODESPREAD-GEO-20260804/raw/mr.cbr --original /tmp/cubr-0087-clean-replay.BWhPih/mr.2m --output /tmp/cubr-0087-clean-replay.BWhPih/patched-final.json --affinity fixed-core
patched_exit_status=0
patched_mode_name=geocm
patched_mode_byte=17
patched_exact_roundtrip=true
decoded_sha256=1e254e8d58a0aecd86ce44f29cf00d5531c8b29c1b24efc049371e0f11f59a64
original_sha256=1e254e8d58a0aecd86ce44f29cf00d5531c8b29c1b24efc049371e0f11f59a64
decoded_sha_matches_original=true
