	Command being timed: "/tmp/cubr-decodespread-profiler/code/cubrim-rs/target/release/cubrim-decode-profile --input /tmp/cubr-decodespread.v7hl1u/mr.cbr --original /tmp/cubr-decodespread.v7hl1u/mr.2m --output /tmp/cubr-decodespread-followup.3zxxSm/mr.decode-profile.fixedcore.json --affinity fixed-core"
	User time (seconds): 11.78
	System time (seconds): 0.04
	Percent of CPU this job got: 99%
	Elapsed (wall clock) time (h:mm:ss or m:ss): 0:11.85
	Average shared text size (kbytes): 0
	Average unshared data size (kbytes): 0
	Average stack size (kbytes): 0
	Average total size (kbytes): 0
	Maximum resident set size (kbytes): 79900
	Average resident set size (kbytes): 0
	Major (requiring I/O) page faults: 0
	Minor (reclaiming a frame) page faults: 19890
	Voluntary context switches: 1
	Involuntary context switches: 157
	Swaps: 0
	File system inputs: 0
	File system outputs: 16
	Socket messages sent: 0
	Socket messages received: 0
	Signals delivered: 0
	Page size (bytes): 4096
	Exit status: 0
