decompressed: 472253 bytes -> 2097152 bytes time_ms=19353
	Command being timed: "timeout 300 /root/cubr-levers/zerorep-matrix-g3-code/code/cubrim-rs/target/release/cubrim decompress /root/cubr-levers/zerorep-matrix-g3-20260809/dickens.balanced.zero.cbr /root/cubr-levers/zerorep-matrix-g3-20260809/dickens.balanced.zero.timed.1.back"
	User time (seconds): 18.27
	System time (seconds): 1.07
	Percent of CPU this job got: 99%
	Elapsed (wall clock) time (h:mm:ss or m:ss): 0:19.35
	Average shared text size (kbytes): 0
	Average unshared data size (kbytes): 0
	Average stack size (kbytes): 0
	Average total size (kbytes): 0
	Maximum resident set size (kbytes): 1134592
	Average resident set size (kbytes): 0
	Major (requiring I/O) page faults: 0
	Minor (reclaiming a frame) page faults: 565335
	Voluntary context switches: 3
	Involuntary context switches: 128
	Swaps: 0
	File system inputs: 0
	File system outputs: 4104
	Socket messages sent: 0
	Socket messages received: 0
	Signals delivered: 0
	Page size (bytes): 4096
	Exit status: 0
