decompressed: 461437 bytes -> 2097152 bytes time_ms=19950
	Command being timed: "timeout 300 /root/cubr-levers/zerorep-current-49e/code/cubrim-rs/target/release/cubrim decompress /root/cubr-levers/zerorep-matrix-g3-20260809/dickens.max.current.cbr /root/cubr-levers/zerorep-matrix-g3-20260809/dickens.max.current.timed.3.back"
	User time (seconds): 18.83
	System time (seconds): 1.11
	Percent of CPU this job got: 99%
	Elapsed (wall clock) time (h:mm:ss or m:ss): 0:19.95
	Average shared text size (kbytes): 0
	Average unshared data size (kbytes): 0
	Average stack size (kbytes): 0
	Average total size (kbytes): 0
	Maximum resident set size (kbytes): 1720320
	Average resident set size (kbytes): 0
	Major (requiring I/O) page faults: 0
	Minor (reclaiming a frame) page faults: 464339
	Voluntary context switches: 3
	Involuntary context switches: 63
	Swaps: 0
	File system inputs: 0
	File system outputs: 4104
	Socket messages sent: 0
	Socket messages received: 0
	Signals delivered: 0
	Page size (bytes): 4096
	Exit status: 0
