decompressed: 108014 bytes -> 2097152 bytes time_ms=18166
	Command being timed: "timeout 300 /root/cubr-levers/zerorep-baseline-e70/code/cubrim-rs/target/release/cubrim decompress /root/cubr-levers/zerorep-matrix-g3-20260809/nci.balanced.base.cbr /root/cubr-levers/zerorep-matrix-g3-20260809/nci.balanced.base.timed.3.back"
	User time (seconds): 17.12
	System time (seconds): 1.04
	Percent of CPU this job got: 99%
	Elapsed (wall clock) time (h:mm:ss or m:ss): 0:18.17
	Average shared text size (kbytes): 0
	Average unshared data size (kbytes): 0
	Average stack size (kbytes): 0
	Average total size (kbytes): 0
	Maximum resident set size (kbytes): 1385472
	Average resident set size (kbytes): 0
	Major (requiring I/O) page faults: 0
	Minor (reclaiming a frame) page faults: 502117
	Voluntary context switches: 3
	Involuntary context switches: 52
	Swaps: 0
	File system inputs: 0
	File system outputs: 4104
	Socket messages sent: 0
	Socket messages received: 0
	Signals delivered: 0
	Page size (bytes): 4096
	Exit status: 0
