decompressed: 704087 bytes -> 2097152 bytes time_ms=16696
	Command being timed: "timeout 300 /root/cubr-levers/zerorep-matrix-g3-code/code/cubrim-rs/target/release/cubrim decompress /root/cubr-levers/zerorep-matrix-g3-20260809/ooffice.web.zero.cbr /root/cubr-levers/zerorep-matrix-g3-20260809/ooffice.web.zero.timed.1.back"
	User time (seconds): 16.58
	System time (seconds): 0.10
	Percent of CPU this job got: 99%
	Elapsed (wall clock) time (h:mm:ss or m:ss): 0:16.70
	Average shared text size (kbytes): 0
	Average unshared data size (kbytes): 0
	Average stack size (kbytes): 0
	Average total size (kbytes): 0
	Maximum resident set size (kbytes): 108544
	Average resident set size (kbytes): 0
	Major (requiring I/O) page faults: 0
	Minor (reclaiming a frame) page faults: 51572
	Voluntary context switches: 3
	Involuntary context switches: 58
	Swaps: 0
	File system inputs: 0
	File system outputs: 4104
	Socket messages sent: 0
	Socket messages received: 0
	Signals delivered: 0
	Page size (bytes): 4096
	Exit status: 0
