cubrim-decode-profile: unsupported mode 17; first-slice profiler supports only cube, raw, and cm2
Command exited with non-zero status 2
	Command being timed: "/home/dev/.worktrees/cubrim/CUBR-0075/code/cubrim-rs/target/release/cubrim-decode-profile --input /tmp/cubr-decodespread.v7hl1u/mr.cbr --original /tmp/cubr-decodespread.v7hl1u/mr.2m --output /tmp/cubr-decodespread.v7hl1u/mr.decode-profile.fixedcore.json --affinity fixed-core"
	User time (seconds): 0.01
	System time (seconds): 0.00
	Percent of CPU this job got: 94%
	Elapsed (wall clock) time (h:mm:ss or m:ss): 0:00.01
	Average shared text size (kbytes): 0
	Average unshared data size (kbytes): 0
	Average stack size (kbytes): 0
	Average total size (kbytes): 0
	Maximum resident set size (kbytes): 4864
	Average resident set size (kbytes): 0
	Major (requiring I/O) page faults: 0
	Minor (reclaiming a frame) page faults: 716
	Voluntary context switches: 1
	Involuntary context switches: 7
	Swaps: 0
	File system inputs: 0
	File system outputs: 8
	Socket messages sent: 0
	Socket messages received: 0
	Signals delivered: 0
	Page size (bytes): 4096
	Exit status: 2
