decompressed: 404341 bytes -> 2097152 bytes time_ms=1760
	Command being timed: "/home/dev/.worktrees/cubrim/CUBR-0075/code/cubrim-rs/target/release/cubrim decompress /tmp/cubr-decodespread.v7hl1u/mr.cbr /tmp/cubr-decodespread.v7hl1u/mr.decoded"
	User time (seconds): 1.72
	System time (seconds): 0.03
	Percent of CPU this job got: 99%
	Elapsed (wall clock) time (h:mm:ss or m:ss): 0:01.76
	Average shared text size (kbytes): 0
	Average unshared data size (kbytes): 0
	Average stack size (kbytes): 0
	Average total size (kbytes): 0
	Maximum resident set size (kbytes): 81024
	Average resident set size (kbytes): 0
	Major (requiring I/O) page faults: 0
	Minor (reclaiming a frame) page faults: 19434
	Voluntary context switches: 1
	Involuntary context switches: 16
	Swaps: 0
	File system inputs: 0
	File system outputs: 4104
	Socket messages sent: 0
	Socket messages received: 0
	Signals delivered: 0
	Page size (bytes): 4096
	Exit status: 0
