decompressed: 104139 bytes -> 2097152 bytes time_ms=33002
	Command being timed: "/home/dev/.worktrees/cubrim/CUBR-0075/code/cubrim-rs/target/release/cubrim decompress /tmp/cubr-decodespread.v7hl1u/nci.cbr /tmp/cubr-decodespread.v7hl1u/nci.decoded"
	User time (seconds): 32.30
	System time (seconds): 0.67
	Percent of CPU this job got: 99%
	Elapsed (wall clock) time (h:mm:ss or m:ss): 0:33.00
	Average shared text size (kbytes): 0
	Average unshared data size (kbytes): 0
	Average stack size (kbytes): 0
	Average total size (kbytes): 0
	Maximum resident set size (kbytes): 1429888
	Average resident set size (kbytes): 0
	Major (requiring I/O) page faults: 0
	Minor (reclaiming a frame) page faults: 516025
	Voluntary context switches: 32
	Involuntary context switches: 142
	Swaps: 0
	File system inputs: 0
	File system outputs: 4104
	Socket messages sent: 0
	Socket messages received: 0
	Signals delivered: 0
	Page size (bytes): 4096
	Exit status: 0
